pc@DESKTOP-B0V5MA7 MINGW32 ~
$ cd D:\MyProjects\myRepo
bash: cd: D:MyProjectsmyRepo: No such file or directory

pc@DESKTOP-B0V5MA7 MINGW32 ~
$ cd D:/MyProjects/myRepo

pc@DESKTOP-B0V5MA7 MINGW32 /d/MyProjects/myRepo (master)
$ git add
Nothing specified, nothing added.
Maybe you wanted to say 'git add .'?

pc@DESKTOP-B0V5MA7 MINGW32 /d/MyProjects/myRepo (master)
$ git add .

pc@DESKTOP-B0V5MA7 MINGW32 /d/MyProjects/myRepo (master)
$ git commit -m "Add exsisting file"

*** Please tell me who you are.

Run

  git config --global user.email "you@example.com"
  git config --global user.name "Your Name"

to set your account's default identity.
Omit --global to set the identity only in this repository.

fatal: unable to auto-detect email address (got 'pc@DESKTOP-B0V5MA7.(none)')

pc@DESKTOP-B0V5MA7 MINGW32 /d/MyProjects/myRepo (master)
$ ^C

pc@DESKTOP-B0V5MA7 MINGW32 /d/MyProjects/myRepo (master)
$ git config --global user.email "aliaamohamedali284@gmail.com"

pc@DESKTOP-B0V5MA7 MINGW32 /d/MyProjects/myRepo (master)
$ git config --global user.name "aliaamohamedali"

pc@DESKTOP-B0V5MA7 MINGW32 /d/MyProjects/myRepo (master)
$ git commit -m "Add existing file"
[master (root-commit) f75e540] Add existing file
 1 file changed, 1 insertion(+)
 create mode 100644 markdownExercise.txt

pc@DESKTOP-B0V5MA7 MINGW32 /d/MyProjects/myRepo (master)
$ git push origin
fatal: The current branch master has no upstream branch.
To push the current branch and set the remote as upstream, use

    git push --set-upstream origin master


pc@DESKTOP-B0V5MA7 MINGW32 /d/MyProjects/myRepo (master)
$ git push --set-upstream origin master
To https://github.com/aliaamohamedali/myRepo.git
 ! [rejected]        master -> master (fetch first)
error: failed to push some refs to 'https://github.com/aliaamohamedali/myRepo.git'
hint: Updates were rejected because the remote contains work that you do
hint: not have locally. This is usually caused by another repository pushing
hint: to the same ref. You may want to first integrate the remote changes
hint: (e.g., 'git pull ...') before pushing again.
hint: See the 'Note about fast-forwards' in 'git push --help' for details.

pc@DESKTOP-B0V5MA7 MINGW32 /d/MyProjects/myRepo (master)
$ git push --help
/usr/bin/start: line 8: cmd: command not found

pc@DESKTOP-B0V5MA7 MINGW32 /d/MyProjects/myRepo (master)
$
